// Jest Snapshot v1, https://goo.gl/fbAQLP

exports[`TextInputComponent should match snapshot 1`] = `
<weddineo-frontend-text-input
  enableClear="false"
  fc={[Function FormControl]}
  type={[Function String]}
  width={[Function String]}
>
  <mat-form-field
    appearance="outline"
    style="box-sizing: border-box; flex: 1 1 100%; max-width: 100%;"
  >
    <mat-label>

    </mat-label>
    <input
      class="ng-untouched ng-pristine ng-valid"
      matinput=""
    />

  </mat-form-field>
</weddineo-frontend-text-input>
`;
