// Jest Snapshot v1, https://goo.gl/fbAQLP

exports[`ActionButtonComponent should match snapshot 1`] = `
<weddineo-frontend-action-button
  buttonStyle={[Function String]}
  color={[Function String]}
  disabled="false"
  onClick={[Function EventEmitter_]}
  width={[Function String]}
>
  <button
    mat-raised-button=""
    style="box-sizing: border-box; flex: 1 1 100%; max-width: 100%;"
  >


  </button>
</weddineo-frontend-action-button>
`;
