// Jest Snapshot v1, https://goo.gl/fbAQLP

exports[`RegisterComponent should match snapshot 1`] = `
<weddineo-frontend-register
  MIN_LENGTH={[Function Number]}
  authFacade={[Function useClass]}
  errors={[Function Array]}
  fb={[Function FormBuilder]}
  formGroup={[Function FormGroup]}
  route={[Function ActivatedRoute]}
  router={[Function Router]}
  translateService={[Function useClass]}
>
  <div
    class="container"
    style="align-content: center; align-items: center; box-sizing: border-box; display: flex; flex-direction: row; justify-content: center; flex: 1 1 100%; max-width: 100%;"
  >
    <mat-card
      class="mat-card mat-focus-indicator"
      style="box-sizing: border-box; max-width: 80%; flex: 1 1 100%;"
    >
      <mat-card-content
        class="mat-card-content"
        style="box-sizing: border-box; display: flex; flex-direction: column;"
      >
        <mat-card-title
          class="mat-card-title"
        >
          
        </mat-card-title>
        <weddineo-frontend-text-input />
        <weddineo-frontend-text-input />
        <weddineo-frontend-text-input />
        <weddineo-frontend-text-input />
        <div
          style="box-sizing: border-box; display: flex; flex-direction: row; align-content: center; align-items: center; justify-content: space-between;"
        >
          <weddineo-frontend-action-button
            style="align-content: center; align-items: center; box-sizing: border-box; display: flex; flex-direction: row; justify-content: center;"
          />
          <weddineo-frontend-action-button
            style="align-content: center; align-items: center; box-sizing: border-box; display: flex; flex-direction: row; justify-content: center;"
          />
        </div>
      </mat-card-content>
    </mat-card>
  </div>
</weddineo-frontend-register>
`;
