// Jest Snapshot v1, https://goo.gl/fbAQLP

exports[`DatePickerComponent should match snapshot 1`] = `
<weddi-date-picker
  fc={[Function FormControl]}
  width={[Function String]}
>
  <mat-form-field
    appearance="outline"
    style="box-sizing: border-box; flex: 1 1 100%; max-width: 100%;"
  >
    <mat-label>
      
    </mat-label>
    <input
      class="ng-untouched ng-pristine ng-valid"
      matinput=""
    />
    <mat-datepicker-toggle
      matsuffix=""
    />
    <mat-datepicker />
  </mat-form-field>
</weddi-date-picker>
`;
